   1               		.file	"main.cpp"
   2               	__SREG__ = 0x3f
   3               	__SP_H__ = 0x3e
   4               	__SP_L__ = 0x3d
   5               	__CCP__  = 0x34
   6               	__tmp_reg__ = 0
   7               	__zero_reg__ = 1
  15               	.Ltext0:
  16               	.global	_Z4sendh
  18               	_Z4sendh:
  19               	.LFB11:
  20               	.LM1:
  21               	.LVL0:
  22               	/* prologue: function */
  23               	/* frame size = 0 */
  24               	.LBB92:
  25               	.LM2:
  26 0000 B89A      		sbi 55-32,0
  27               	.LM3:
  28 0002 C098      		cbi 56-32,0
  29               	.LBB93:
  30               	.LBB94:
  31               	.LBB95:
  32               	.LBB96:
  33               	.LBB97:
  34               	.LM4:
  35 0004 2EE1      		ldi r18,lo8(30)
  36               	.LVL1:
  37               	/* #APP */
  38               	 ;  88 "d:/program files/winavr-20100110/lib/gcc/../../avr/include/util/delay_basic.h" 1
  39 0006 2A95      		1: dec r18
  40 0008 01F4      		brne 1b
  41               	 ;  0 "" 2
  42               	/* #NOAPP */
  43 000a 20E0      		ldi r18,lo8(0)
  44 000c 30E0      		ldi r19,hi8(0)
  45               	.LVL2:
  46               	.LBE97:
  47               	.LBE96:
  48               	.LBE95:
  49               	.LBE94:
  50               	.LBE93:
  51               	.LM5:
  52 000e 482F      		mov r20,r24
  53 0010 50E0      		ldi r21,lo8(0)
  54               	.LVL3:
  55               	.LBB98:
  56               	.LBB99:
  57               	.LBB100:
  58               	.LBB101:
  59               	.LBB102:
  60               	.LM6:
  61 0012 6EE1      		ldi r22,lo8(30)
  62               	.LVL4:
  63               	.L4:
  64               	.LBE102:
  65               	.LBE101:
  66               	.LBE100:
  67               	.LBE99:
  68               	.LBE98:
  69               	.LM7:
  70 0014 CA01      		movw r24,r20
  71               	.LVL5:
  72 0016 022E      		mov r0,r18
  73 0018 00C0      		rjmp 2f
  74 001a 9595      	1:	asr r25
  75 001c 8795      		ror r24
  76 001e 0A94      	2:	dec r0
  77 0020 02F4      		brpl 1b
  78 0022 80FF      		sbrs r24,0
  79 0024 00C0      		rjmp .L2
  80 0026 C09A      		sbi 56-32,0
  81 0028 00C0      		rjmp .L3
  82               	.L2:
  83 002a C098      		cbi 56-32,0
  84               	.L3:
  85               	.LBB107:
  86               	.LBB106:
  87               	.LBB105:
  88               	.LBB104:
  89               	.LBB103:
  90               	.LM8:
  91 002c 862F      		mov r24,r22
  92               	.LVL6:
  93               	/* #APP */
  94               	 ;  88 "d:/program files/winavr-20100110/lib/gcc/../../avr/include/util/delay_basic.h" 1
  95 002e 8A95      		1: dec r24
  96 0030 01F4      		brne 1b
  97               	 ;  0 "" 2
  98               	/* #NOAPP */
  99               	.LBE103:
 100               	.LBE104:
 101               	.LBE105:
 102               	.LBE106:
 103               	.LBE107:
 104               	.LM9:
 105 0032 2F5F      		subi r18,lo8(-(1))
 106 0034 3F4F      		sbci r19,hi8(-(1))
 107 0036 2830      		cpi r18,8
 108 0038 3105      		cpc r19,__zero_reg__
 109 003a 01F4      		brne .L4
 110               	.LM10:
 111 003c C09A      		sbi 56-32,0
 112               	.LBB108:
 113               	.LBB109:
 114               	.LBB110:
 115               	.LBB111:
 116               	.LBB112:
 117               	.LM11:
 118 003e 8EE1      		ldi r24,lo8(30)
 119               	.LVL7:
 120               	/* #APP */
 121               	 ;  88 "d:/program files/winavr-20100110/lib/gcc/../../avr/include/util/delay_basic.h" 1
 122 0040 8A95      		1: dec r24
 123 0042 01F4      		brne 1b
 124               	 ;  0 "" 2
 125               	/* epilogue start */
 126               	/* #NOAPP */
 127               	.LBE112:
 128               	.LBE111:
 129               	.LBE110:
 130               	.LBE109:
 131               	.LBE108:
 132               	.LBE92:
 133               	.LM12:
 134 0044 0895      		ret
 135               	.LFE11:
 137               	.global	_Z7sendIntj
 139               	_Z7sendIntj:
 140               	.LFB10:
 141               	.LM13:
 142               	.LVL8:
 143 0046 CF93      		push r28
 144 0048 DF93      		push r29
 145               	/* prologue: function */
 146               	/* frame size = 0 */
 147 004a EC01      		movw r28,r24
 148               	.LM14:
 149 004c 0097      		sbiw r24,0
 150 004e 01F0      		breq .L9
 151               	.LM15:
 152 0050 6AE0      		ldi r22,lo8(10)
 153 0052 70E0      		ldi r23,hi8(10)
 154 0054 00D0      		rcall __udivmodhi4
 155               	.LVL9:
 156 0056 CB01      		movw r24,r22
 157 0058 00D0      		rcall _Z7sendIntj
 158               	.LM16:
 159 005a CE01      		movw r24,r28
 160 005c 6AE0      		ldi r22,lo8(10)
 161 005e 70E0      		ldi r23,hi8(10)
 162 0060 00D0      		rcall __udivmodhi4
 163 0062 805D      		subi r24,lo8(-(48))
 164 0064 00D0      		rcall _Z4sendh
 165               	.LVL10:
 166               	.L9:
 167               	/* epilogue start */
 168               	.LM17:
 169 0066 DF91      		pop r29
 170 0068 CF91      		pop r28
 171               	.LVL11:
 172 006a 0895      		ret
 173               	.LFE10:
 175               	.global	_Z8printIntj
 177               	_Z8printIntj:
 178               	.LFB9:
 179               	.LM18:
 180               	.LVL12:
 181               	/* prologue: function */
 182               	/* frame size = 0 */
 183               	.LM19:
 184 006c 0097      		sbiw r24,0
 185 006e 01F0      		breq .L11
 186 0070 00D0      		rcall _Z7sendIntj
 187               	.LVL13:
 188 0072 0895      		ret
 189               	.LVL14:
 190               	.L11:
 191 0074 80E3      		ldi r24,lo8(48)
 192               	.LVL15:
 193 0076 00D0      		rcall _Z4sendh
 194 0078 0895      		ret
 195               	.LFE9:
 197               	.global	_Z8printStrPc
 199               	_Z8printStrPc:
 200               	.LFB7:
 201               	.LM20:
 202               	.LVL16:
 203 007a CF93      		push r28
 204 007c DF93      		push r29
 205               	/* prologue: function */
 206               	/* frame size = 0 */
 207 007e EC01      		movw r28,r24
 208 0080 00C0      		rjmp .L15
 209               	.LVL17:
 210               	.L16:
 211               	.LM21:
 212 0082 00D0      		rcall _Z4sendh
 213               	.LM22:
 214 0084 2196      		adiw r28,1
 215               	.LVL18:
 216               	.L15:
 217               	.LM23:
 218 0086 8881      		ld r24,Y
 219 0088 8823      		tst r24
 220 008a 01F4      		brne .L16
 221               	/* epilogue start */
 222               	.LM24:
 223 008c DF91      		pop r29
 224 008e CF91      		pop r28
 225               	.LVL19:
 226 0090 0895      		ret
 227               	.LFE7:
 229               	.global	_Z10printlnStrPc
 231               	_Z10printlnStrPc:
 232               	.LFB8:
 233               	.LM25:
 234               	.LVL20:
 235               	/* prologue: function */
 236               	/* frame size = 0 */
 237               	.LM26:
 238 0092 00D0      		rcall _Z8printStrPc
 239               	.LVL21:
 240               	.LM27:
 241 0094 8AE0      		ldi r24,lo8(10)
 242 0096 90E0      		ldi r25,hi8(10)
 243 0098 00D0      		rcall _Z7sendIntj
 244               	/* epilogue start */
 245               	.LM28:
 246 009a 0895      		ret
 247               	.LFE8:
 249               	.global	_Z8printHexc
 251               	_Z8printHexc:
 252               	.LFB6:
 253               	.LM29:
 254               	.LVL22:
 255 009c CF93      		push r28
 256 009e DF93      		push r29
 257               	/* prologue: function */
 258               	/* frame size = 0 */
 259               	.LBB113:
 260               	.LM30:
 261 00a0 C82F      		mov r28,r24
 262 00a2 D0E0      		ldi r29,lo8(0)
 263 00a4 CE01      		movw r24,r28
 264               	.LVL23:
 265 00a6 24E0      		ldi r18,4
 266 00a8 9595      	1:	asr r25
 267 00aa 8795      		ror r24
 268 00ac 2A95      		dec r18
 269 00ae 01F4      		brne 1b
 270 00b0 8A30      		cpi r24,10
 271 00b2 9105      		cpc r25,__zero_reg__
 272 00b4 04F4      		brge .L21
 273 00b6 8F70      		andi r24,lo8(15)
 274 00b8 805D      		subi r24,lo8(-(48))
 275 00ba 00C0      		rjmp .L26
 276               	.L21:
 277 00bc 8A50      		subi r24,lo8(-(-10))
 278 00be 8F70      		andi r24,lo8(15)
 279 00c0 8F5B      		subi r24,lo8(-(65))
 280               	.L26:
 281 00c2 00D0      		rcall _Z4sendh
 282 00c4 CE01      		movw r24,r28
 283 00c6 8F70      		andi r24,lo8(15)
 284 00c8 9070      		andi r25,hi8(15)
 285 00ca 0A97      		sbiw r24,10
 286 00cc 04F0      		brlt .L23
 287 00ce 9E01      		movw r18,r28
 288 00d0 2A50      		subi r18,lo8(-(-10))
 289 00d2 822F      		mov r24,r18
 290 00d4 8F70      		andi r24,lo8(15)
 291 00d6 8F5B      		subi r24,lo8(-(65))
 292 00d8 00C0      		rjmp .L27
 293               	.L23:
 294 00da 9E01      		movw r18,r28
 295 00dc 2F70      		andi r18,lo8(15)
 296 00de 822F      		mov r24,r18
 297 00e0 805D      		subi r24,lo8(-(48))
 298               	.L27:
 299 00e2 00D0      		rcall _Z4sendh
 300               	/* epilogue start */
 301               	.LBE113:
 302               	.LM31:
 303 00e4 DF91      		pop r29
 304 00e6 CF91      		pop r28
 305 00e8 0895      		ret
 306               	.LFE6:
 308               	.global	_Z5blinkv
 310               	_Z5blinkv:
 311               	.LFB13:
 312               	.LM32:
 313               	/* prologue: function */
 314               	/* frame size = 0 */
 315               	.LM33:
 316 00ea C39A      		sbi 56-32,3
 317               	.LBB114:
 318               	.LBB115:
 319               	.LBB116:
 320               	.LBB117:
 321               	.LBB118:
 322               	.LBB119:
 323               	.LBB120:
 324               	.LBB121:
 325               	.LM34:
 326 00ec 86E4      		ldi r24,lo8(326)
 327 00ee 91E0      		ldi r25,hi8(326)
 328               	.LVL24:
 329               	/* #APP */
 330               	 ;  110 "d:/program files/winavr-20100110/lib/gcc/../../avr/include/util/delay_basic.h" 1
 331 00f0 0197      		1: sbiw r24,1
 332 00f2 01F4      		brne 1b
 333               	 ;  0 "" 2
 334               	/* #NOAPP */
 335               	.LBE121:
 336               	.LBE120:
 337               	.LBE119:
 338               	.LBE118:
 339               	.LBE117:
 340               	.LBE116:
 341               	.LBE115:
 342               	.LBE114:
 343               	.LM35:
 344 00f4 C398      		cbi 56-32,3
 345               	/* epilogue start */
 346               	.LM36:
 347 00f6 0895      		ret
 348               	.LFE13:
 350               	.global	_Z7waitForh
 352               	_Z7waitForh:
 353               	.LFB15:
 354               	.LM37:
 355               	.LVL25:
 356               	/* prologue: function */
 357               	/* frame size = 0 */
 358 00f8 682F      		mov r22,r24
 359               	.LM38:
 360 00fa 20E0      		ldi r18,lo8(0)
 361 00fc 30E0      		ldi r19,hi8(0)
 362               	.LVL26:
 363               	.LBB122:
 364               	.LM39:
 365 00fe 41E0      		ldi r20,lo8(1)
 366 0100 50E0      		ldi r21,hi8(1)
 367               	.LBB123:
 368               	.LBB124:
 369               	.LBB125:
 370               	.LBB126:
 371               	.LBB127:
 372               	.LM40:
 373 0102 71E0      		ldi r23,lo8(1)
 374 0104 00C0      		rjmp .L31
 375               	.LVL27:
 376               	.L34:
 377 0106 872F      		mov r24,r23
 378               	.LVL28:
 379               	/* #APP */
 380               	 ;  88 "d:/program files/winavr-20100110/lib/gcc/../../avr/include/util/delay_basic.h" 1
 381 0108 8A95      		1: dec r24
 382 010a 01F4      		brne 1b
 383               	 ;  0 "" 2
 384               	/* #NOAPP */
 385               	.LBE127:
 386               	.LBE126:
 387               	.LBE125:
 388               	.LBE124:
 389               	.LBE123:
 390               	.LM41:
 391 010c 2F5F      		subi r18,lo8(-(1))
 392 010e 3F4F      		sbci r19,hi8(-(1))
 393               	.LVL29:
 394               	.L31:
 395               	.LM42:
 396 0110 6623      		tst r22
 397 0112 01F0      		breq .L32
 398 0114 86B3      		in r24,54-32
 399               	.LVL30:
 400 0116 90E0      		ldi r25,lo8(0)
 401 0118 F4E0      		ldi r31,4
 402 011a 9695      	1:	lsr r25
 403 011c 8795      		ror r24
 404 011e FA95      		dec r31
 405 0120 01F4      		brne 1b
 406 0122 8427      		eor r24,r20
 407 0124 9527      		eor r25,r21
 408 0126 00C0      		rjmp .L36
 409               	.LVL31:
 410               	.L32:
 411 0128 86B3      		in r24,54-32
 412               	.LVL32:
 413 012a 90E0      		ldi r25,lo8(0)
 414 012c E4E0      		ldi r30,4
 415 012e 9695      	1:	lsr r25
 416 0130 8795      		ror r24
 417 0132 EA95      		dec r30
 418 0134 01F4      		brne 1b
 419               	.L36:
 420 0136 8170      		andi r24,lo8(1)
 421 0138 01F4      		brne .L34
 422               	.LBE122:
 423               	.LM43:
 424 013a C901      		movw r24,r18
 425               	.LVL33:
 426               	/* epilogue start */
 427 013c 0895      		ret
 428               	.LFE15:
 430               	.global	_Z10pulseWidthh
 432               	_Z10pulseWidthh:
 433               	.LFB16:
 434               	.LM44:
 435               	.LVL34:
 436               	/* prologue: function */
 437               	/* frame size = 0 */
 438               	.LM45:
 439 013e 8823      		tst r24
 440 0140 01F0      		breq .L38
 441 0142 81E0      		ldi r24,lo8(1)
 442               	.LVL35:
 443 0144 00D0      		rcall _Z7waitForh
 444               	.LM46:
 445 0146 80E0      		ldi r24,lo8(0)
 446 0148 00D0      		rcall _Z7waitForh
 447 014a 0895      		ret
 448               	.LVL36:
 449               	.L38:
 450               	.LM47:
 451 014c 80E0      		ldi r24,lo8(0)
 452               	.LVL37:
 453 014e 00D0      		rcall _Z7waitForh
 454               	.LM48:
 455 0150 81E0      		ldi r24,lo8(1)
 456 0152 00D0      		rcall _Z7waitForh
 457               	.LM49:
 458 0154 0895      		ret
 459               	.LFE16:
 461               	.global	_Z10getMessagev
 463               	_Z10getMessagev:
 464               	.LFB14:
 465               	.LM50:
 466 0156 EF92      		push r14
 467 0158 FF92      		push r15
 468 015a 0F93      		push r16
 469 015c 1F93      		push r17
 470 015e DF93      		push r29
 471 0160 CF93      		push r28
 472 0162 CDB7      		in r28,__SP_L__
 473 0164 DEB7      		in r29,__SP_H__
 474 0166 A197      		sbiw r28,33
 475 0168 0FB6      		in __tmp_reg__,__SREG__
 476 016a F894      		cli
 477 016c DEBF      		out __SP_H__,r29
 478 016e 0FBE      		out __SREG__,__tmp_reg__
 479 0170 CDBF      		out __SP_L__,r28
 480               	/* prologue: function */
 481               	/* frame size = 33 */
 482               	.LBB128:
 483               	.LM51:
 484 0172 80E0      		ldi r24,lo8(0)
 485 0174 00D0      		rcall _Z7waitForh
 486               	.LM52:
 487 0176 81E0      		ldi r24,lo8(1)
 488 0178 00D0      		rcall _Z7waitForh
 489               	.LM53:
 490 017a 81E0      		ldi r24,lo8(1)
 491 017c 00D0      		rcall _Z10pulseWidthh
 492               	.LM54:
 493 017e 8A39      		cpi r24,lo8(-102)
 494 0180 00F4      		brsh .L42
 495 0182 20E0      		ldi r18,lo8(0)
 496 0184 30E0      		ldi r19,hi8(0)
 497 0186 00C0      		rjmp .L43
 498               	.L42:
 499               	.LM55:
 500 0188 8983      		std Y+1,r24
 501 018a 8E01      		movw r16,r28
 502 018c 0E5F      		subi r16,lo8(-(2))
 503 018e 1F4F      		sbci r17,hi8(-(2))
 504               	.LM56:
 505 0190 92E2      		ldi r25,lo8(34)
 506 0192 E92E      		mov r14,r25
 507 0194 F12C      		mov r15,__zero_reg__
 508 0196 EC0E      		add r14,r28
 509 0198 FD1E      		adc r15,r29
 510               	.L44:
 511               	.LM57:
 512 019a 81E0      		ldi r24,lo8(1)
 513 019c 00D0      		rcall _Z10pulseWidthh
 514 019e F801      		movw r30,r16
 515 01a0 8193      		st Z+,r24
 516 01a2 8F01      		movw r16,r30
 517               	.LM58:
 518 01a4 EE15      		cp r30,r14
 519 01a6 FF05      		cpc r31,r15
 520 01a8 01F4      		brne .L44
 521               	.LM59:
 522 01aa 9981      		ldd r25,Y+1
 523 01ac 9695      		lsr r25
 524 01ae 9695      		lsr r25
 525 01b0 FE01      		movw r30,r28
 526 01b2 B196      		adiw r30,33
 527 01b4 20E0      		ldi r18,lo8(0)
 528 01b6 30E0      		ldi r19,hi8(0)
 529 01b8 40E0      		ldi r20,hlo8(0)
 530 01ba 50E0      		ldi r21,hhi8(0)
 531               	.LVL38:
 532               	.LM60:
 533 01bc BE01      		movw r22,r28
 534 01be 6F5F      		subi r22,lo8(-(1))
 535 01c0 7F4F      		sbci r23,hi8(-(1))
 536               	.L46:
 537               	.LM61:
 538 01c2 7901      		movw r14,r18
 539 01c4 8A01      		movw r16,r20
 540 01c6 EE0C      		lsl r14
 541 01c8 FF1C      		rol r15
 542 01ca 001F      		rol r16
 543 01cc 111F      		rol r17
 544               	.LVL39:
 545               	.LM62:
 546 01ce 20E0      		ldi r18,lo8(0)
 547 01d0 30E0      		ldi r19,hi8(0)
 548 01d2 40E0      		ldi r20,hlo8(0)
 549 01d4 50E0      		ldi r21,hhi8(0)
 550 01d6 8081      		ld r24,Z
 551 01d8 9817      		cp r25,r24
 552 01da 00F4      		brsh .L45
 553 01dc 21E0      		ldi r18,lo8(1)
 554 01de 30E0      		ldi r19,hi8(1)
 555 01e0 40E0      		ldi r20,hlo8(1)
 556 01e2 50E0      		ldi r21,hhi8(1)
 557               	.L45:
 558 01e4 2E29      		or r18,r14
 559 01e6 3F29      		or r19,r15
 560 01e8 402B      		or r20,r16
 561 01ea 512B      		or r21,r17
 562               	.LVL40:
 563 01ec 3197      		sbiw r30,1
 564               	.LM63:
 565 01ee 6E17      		cp r22,r30
 566 01f0 7F07      		cpc r23,r31
 567 01f2 01F4      		brne .L46
 568               	.LM64:
 569 01f4 DA01      		movw r26,r20
 570 01f6 C901      		movw r24,r18
 571 01f8 8070      		andi r24,lo8(16711680)
 572 01fa 9070      		andi r25,hi8(16711680)
 573 01fc B070      		andi r27,hhi8(16711680)
 574 01fe 892F      		mov r24,r25
 575 0200 9A2F      		mov r25,r26
 576 0202 AB2F      		mov r26,r27
 577 0204 BB27      		clr r27
 578 0206 3070      		andi r19,hi8(255)
 579               	.LVL41:
 580 0208 282B      		or r18,r24
 581 020a 392B      		or r19,r25
 582               	.L43:
 583               	.LBE128:
 584               	.LM65:
 585 020c C901      		movw r24,r18
 586               	/* epilogue start */
 587 020e A196      		adiw r28,33
 588 0210 0FB6      		in __tmp_reg__,__SREG__
 589 0212 F894      		cli
 590 0214 DEBF      		out __SP_H__,r29
 591 0216 0FBE      		out __SREG__,__tmp_reg__
 592 0218 CDBF      		out __SP_L__,r28
 593 021a CF91      		pop r28
 594 021c DF91      		pop r29
 595 021e 1F91      		pop r17
 596 0220 0F91      		pop r16
 597 0222 FF90      		pop r15
 598 0224 EF90      		pop r14
 599 0226 0895      		ret
 600               	.LFE14:
 602               	.global	main
 604               	main:
 605               	.LFB12:
 606               	.LM66:
 607 0228 1F93      		push r17
 608               	/* prologue: function */
 609               	/* frame size = 0 */
 610               	.LBB129:
 611               	.LM67:
 612 022a 89E0      		ldi r24,lo8(9)
 613 022c 87BB      		out 55-32,r24
 614               	.LM68:
 615 022e 8AE0      		ldi r24,lo8(10)
 616 0230 00D0      		rcall _Z4sendh
 617               	.LBB130:
 618               	.LBB131:
 619               	.LM69:
 620 0232 C39A      		sbi 56-32,3
 621               	.LBB132:
 622               	.LBB133:
 623               	.LBB134:
 624               	.LBB135:
 625               	.LBB136:
 626               	.LBB137:
 627               	.LBB138:
 628               	.LBB139:
 629               	.LM70:
 630 0234 86E4      		ldi r24,lo8(326)
 631 0236 91E0      		ldi r25,hi8(326)
 632               	.LVL42:
 633               	/* #APP */
 634               	 ;  110 "d:/program files/winavr-20100110/lib/gcc/../../avr/include/util/delay_basic.h" 1
 635 0238 0197      		1: sbiw r24,1
 636 023a 01F4      		brne 1b
 637               	 ;  0 "" 2
 638               	/* #NOAPP */
 639               	.LBE139:
 640               	.LBE138:
 641               	.LBE137:
 642               	.LBE136:
 643               	.LBE135:
 644               	.LBE134:
 645               	.LBE133:
 646               	.LBE132:
 647               	.LM71:
 648 023c C398      		cbi 56-32,3
 649               	.L51:
 650               	.LBE131:
 651               	.LBE130:
 652               	.LM72:
 653 023e 00D0      		rcall _Z10getMessagev
 654               	.LVL43:
 655 0240 182F      		mov r17,r24
 656               	.LVL44:
 657               	.LM73:
 658 0242 892F      		mov r24,r25
 659 0244 00D0      		rcall _Z8printHexc
 660               	.LM74:
 661 0246 812F      		mov r24,r17
 662 0248 00D0      		rcall _Z8printHexc
 663               	.LM75:
 664 024a 8AE0      		ldi r24,lo8(10)
 665 024c 00D0      		rcall _Z4sendh
 666 024e 00C0      		rjmp .L51
 667               	.LBE129:
 668               	.LFE12:
 774               	.Letext0:
DEFINED SYMBOLS
                            *ABS*:00000000 main.cpp
C:\Users\rakesh\AppData\Local\Temp/ccq4w4f1.s:2      *ABS*:0000003f __SREG__
C:\Users\rakesh\AppData\Local\Temp/ccq4w4f1.s:3      *ABS*:0000003e __SP_H__
C:\Users\rakesh\AppData\Local\Temp/ccq4w4f1.s:4      *ABS*:0000003d __SP_L__
C:\Users\rakesh\AppData\Local\Temp/ccq4w4f1.s:5      *ABS*:00000034 __CCP__
C:\Users\rakesh\AppData\Local\Temp/ccq4w4f1.s:6      *ABS*:00000000 __tmp_reg__
C:\Users\rakesh\AppData\Local\Temp/ccq4w4f1.s:7      *ABS*:00000001 __zero_reg__
C:\Users\rakesh\AppData\Local\Temp/ccq4w4f1.s:18     .text:00000000 _Z4sendh
C:\Users\rakesh\AppData\Local\Temp/ccq4w4f1.s:139    .text:00000046 _Z7sendIntj
C:\Users\rakesh\AppData\Local\Temp/ccq4w4f1.s:177    .text:0000006c _Z8printIntj
C:\Users\rakesh\AppData\Local\Temp/ccq4w4f1.s:199    .text:0000007a _Z8printStrPc
C:\Users\rakesh\AppData\Local\Temp/ccq4w4f1.s:231    .text:00000092 _Z10printlnStrPc
C:\Users\rakesh\AppData\Local\Temp/ccq4w4f1.s:251    .text:0000009c _Z8printHexc
C:\Users\rakesh\AppData\Local\Temp/ccq4w4f1.s:310    .text:000000ea _Z5blinkv
C:\Users\rakesh\AppData\Local\Temp/ccq4w4f1.s:352    .text:000000f8 _Z7waitForh
C:\Users\rakesh\AppData\Local\Temp/ccq4w4f1.s:432    .text:0000013e _Z10pulseWidthh
C:\Users\rakesh\AppData\Local\Temp/ccq4w4f1.s:463    .text:00000156 _Z10getMessagev
C:\Users\rakesh\AppData\Local\Temp/ccq4w4f1.s:604    .text:00000228 main

UNDEFINED SYMBOLS
__udivmodhi4
